<?xml version="1.0" encoding="utf-8"?>
<testsuites>
  <testsuite name="tests" errors="0" failures="0" skipped="0" tests="0" time="0.000" timestamp="2024-01-01T00:00:00" hostname="localhost">
  </testsuite>
</testsuites>